// Jest Snapshot v1, https://goo.gl/fbAQLP

exports[`Тестируем DetailCourse Тестируем рендер  1`] = `
<Provider
  store={
    Object {
      "dispatch": [Function],
      "getState": [Function],
      "replaceReducer": [Function],
      "subscribe": [Function],
      Symbol(observable): [Function],
    }
  }
>
  <DetailCourse
    courseId={1}
  >
    <Loader>
      <div
        className="spinner"
      >
        <div
          className="bounce1"
        />
        <div
          className="bounce2"
        />
        <div
          className="bounce3"
        />
      </div>
    </Loader>
  </DetailCourse>
</Provider>
`;

exports[`Тестируем DetailCourse Тестируем рендер  2`] = `
<Provider
  store={
    Object {
      "dispatch": [Function],
      "getState": [Function],
      "replaceReducer": [Function],
      "subscribe": [Function],
      Symbol(observable): [Function],
    }
  }
>
  <DetailCourse
    courseId={1}
  >
    <Header>
      <div
        className="headerWrapper"
      >
        <header
          className="header"
        >
          <nav
            className="headerNav"
          >
            <IconLogo>
              <a
                className="navLogo"
                href=""
              >
                <img
                  alt="Purple Frontera logo"
                  src="FILE_MOCK"
                />
              </a>
            </IconLogo>
            <HeaderNav>
              <Link
                as={[Function]}
                to="/home"
              >
                <Link
                  className="link"
                  to="/home"
                >
                  <a
                    className="link"
                    href="/home"
                  >
                    Главная
                  </a>
                </Link>
              </Link>
              <Link
                as={[Function]}
                to="/catalog-courses"
              >
                <Link
                  className="link"
                  to="/catalog-courses"
                >
                  <a
                    className="link"
                    href="/catalog-courses"
                  >
                    Рекомендации
                  </a>
                </Link>
              </Link>
            </HeaderNav>
          </nav>
          <AccountBar>
            <div
              className="accountBar"
            >
              <SearchInput>
                <div
                  className="searchInput"
                >
                  <form
                    className="searchForm"
                  >
                    <label
                      htmlFor="search"
                    >
                      <input
                        id="search"
                        placeholder="Search..."
                        type="text"
                      />
                    </label>
                    <button
                      onClick={[Function]}
                      type="submit"
                    />
                  </form>
                </div>
              </SearchInput>
              <ProfileButton>
                <div
                  className="wrapper"
                >
                  <div
                    className="dropdown"
                  >
                    <button
                      className="dropdownButton"
                      onClick={[Function]}
                      type="button"
                    />
                  </div>
                </div>
              </ProfileButton>
            </div>
          </AccountBar>
        </header>
      </div>
    </Header>
    <main
      className="container"
    >
      <PageHeader
        label="Изучаем JS"
      >
        <h2
          className="pageHeader"
        >
          Изучаем JS
        </h2>
      </PageHeader>
      <CourseInfo
        description="Узнайте, как создать высокопроизводительное веб-приложение с помощью react. Хуки, Redux, React Routing, useContext, Fireabase и др. Узнайте, как создать высокопроизводительное веб-приложение с помощью react. Хуки, Redux, React Routing, useContext, Fireabase и др. Узнайте, как создать высокопроизводительное веб-приложение с помощью react. Хуки, Redux, React Routing, useContext, Fireabase и др."
        info={
          Object {
            "authors": Array [
              "Ким Чен",
            ],
            "duration": "5ч 18м",
            "language": "Русский",
            "lastUpdate": "7/2020",
          }
        }
      >
        <div
          className="courseInfo"
        >
          <table
            className="courseTable"
          >
            <tbody>
              <tr
                className="courseRow"
              >
                <td
                  className="courseTerm"
                >
                  Авторы
                </td>
                <td
                  className="courseCell"
                >
                  Ким Чен
                </td>
              </tr>
              <tr
                className="courseRow"
              >
                <td
                  className="courseTerm"
                >
                  Язык
                </td>
                <td
                  className="courseCell"
                >
                  Русский
                </td>
              </tr>
              <tr
                className="courseRow"
              >
                <td
                  className="courseTerm"
                >
                  Обновлено
                </td>
                <td
                  className="courseCell"
                >
                  7/2020
                   
                </td>
              </tr>
              <tr
                className="courseRow"
              >
                <td
                  className="courseTerm"
                >
                  Продолжительность
                </td>
                <td
                  className="courseCell"
                >
                  5ч 18м
                </td>
              </tr>
            </tbody>
          </table>
          <p
            className="courseDescription"
          >
             
            Узнайте, как создать высокопроизводительное веб-приложение с помощью react. Хуки, Redux, React Routing, useContext, Fireabase и др. Узнайте, как создать высокопроизводительное веб-приложение с помощью react. Хуки, Redux, React Routing, useContext, Fireabase и др. Узнайте, как создать высокопроизводительное веб-приложение с помощью react. Хуки, Redux, React Routing, useContext, Fireabase и др.
             
          </p>
        </div>
      </CourseInfo>
      <section
        className="gallery"
      >
        <CourseCards
          cards={
            Array [
              Object {
                "id": 1,
                "imageSrc": "remote-assets/images/courses/bg-widget-m-1.jpg",
                "label": "React",
                "videoSrc": "",
              },
              Object {
                "id": 2,
                "imageSrc": "remote-assets/images/courses/bg-widget-m-2.jpg",
                "label": "CI/CD",
                "videoSrc": "",
              },
              Object {
                "id": 3,
                "imageSrc": "remote-assets/images/courses/bg-widget-m-3.jpg",
                "label": "Отрисовка на стороне сервера",
                "videoSrc": "",
              },
              Object {
                "id": 4,
                "imageSrc": "remote-assets/images/courses/bg-widget-m-4.jpg",
                "label": "ES2021",
                "videoSrc": "",
              },
              Object {
                "id": 5,
                "imageSrc": "remote-assets/images/courses/bg-widget-m-5.jpg",
                "label": "git",
                "videoSrc": "",
              },
            ]
          }
        >
          <ul
            className="catalogList"
          >
            <li
              className="cardContainer"
              key="React0"
            >
              <div
                className="catalogItem"
              >
                <SmartImage
                  path="remote-assets/images/courses/bg-widget-m-1.jpg"
                >
                  <img
                    className="cardImage"
                    onError={[Function]}
                    src="remote-assets/images/courses/bg-widget-m-1.jpg"
                  />
                </SmartImage>
                <a
                  className="catalogLink"
                  href="#"
                >
                  <h3
                    className="catalogHeader"
                  >
                    <span
                      className="catalogCategory"
                    >
                      React
                    </span>
                  </h3>
                </a>
              </div>
            </li>
            <li
              className="cardContainer"
              key="CI/CD1"
            >
              <div
                className="catalogItem"
              >
                <SmartImage
                  path="remote-assets/images/courses/bg-widget-m-2.jpg"
                >
                  <img
                    className="cardImage"
                    onError={[Function]}
                    src="remote-assets/images/courses/bg-widget-m-2.jpg"
                  />
                </SmartImage>
                <a
                  className="catalogLink"
                  href="#"
                >
                  <h3
                    className="catalogHeader"
                  >
                    <span
                      className="catalogCategory"
                    >
                      CI/CD
                    </span>
                  </h3>
                </a>
              </div>
            </li>
            <li
              className="cardContainer"
              key="Отрисовка на стороне сервера2"
            >
              <div
                className="catalogItem"
              >
                <SmartImage
                  path="remote-assets/images/courses/bg-widget-m-3.jpg"
                >
                  <img
                    className="cardImage"
                    onError={[Function]}
                    src="remote-assets/images/courses/bg-widget-m-3.jpg"
                  />
                </SmartImage>
                <a
                  className="catalogLink"
                  href="#"
                >
                  <h3
                    className="catalogHeader"
                  >
                    <span
                      className="catalogCategory"
                    >
                      Отрисовка на стороне сервера
                    </span>
                  </h3>
                </a>
              </div>
            </li>
            <li
              className="cardContainer"
              key="ES20213"
            >
              <div
                className="catalogItem"
              >
                <SmartImage
                  path="remote-assets/images/courses/bg-widget-m-4.jpg"
                >
                  <img
                    className="cardImage"
                    onError={[Function]}
                    src="remote-assets/images/courses/bg-widget-m-4.jpg"
                  />
                </SmartImage>
                <a
                  className="catalogLink"
                  href="#"
                >
                  <h3
                    className="catalogHeader"
                  >
                    <span
                      className="catalogCategory"
                    >
                      ES2021
                    </span>
                  </h3>
                </a>
              </div>
            </li>
            <li
              className="cardContainer"
              key="git4"
            >
              <div
                className="catalogItem"
              >
                <SmartImage
                  path="remote-assets/images/courses/bg-widget-m-5.jpg"
                >
                  <img
                    className="cardImage"
                    onError={[Function]}
                    src="remote-assets/images/courses/bg-widget-m-5.jpg"
                  />
                </SmartImage>
                <a
                  className="catalogLink"
                  href="#"
                >
                  <h3
                    className="catalogHeader"
                  >
                    <span
                      className="catalogCategory"
                    >
                      git
                    </span>
                  </h3>
                </a>
              </div>
            </li>
          </ul>
        </CourseCards>
      </section>
    </main>
  </DetailCourse>
</Provider>
`;
